SQL> select * from customers;

CUSTOMERID NAME                                                                                                                                                                                         
---------- ----------------------------------------------------------------------------------------------------                                                                                         
EMAIL                                                                                                PHONE                                                                                              
---------------------------------------------------------------------------------------------------- ---------------                                                                                    
ADDRESS                                                                                                                                                                                                 
--------------------------------------------------------------------------------------------------------------------------------------------------------------------------------------------------------
         1 Anjali Deshmukh                                                                                                                                                                              
anjali.d123@gmail.com                                                                                9867452344                                                                                         
14, MG Road, Pune, Maharashtra                                                                                                                                                                          
                                                                                                                                                                                                        
         2 Ravi Sharma                                                                                                                                                                                  
ravi.s111@gmail.com                                                                                  9120557888                                                                                         
221B, Baner Road, Pune                                                                                                                                                                                  
                                                                                                                                                                                                        
         3 Aarti Thorat                                                                                                                                                                                 
aartik14@gmail.com                                                                                   8805546677                                                                                         
7, Katraj, Pune                                                                                                                                                                                         
                                                                                                                                                                                                        
         4 Jayashree Thorat                                                                                                                                                                             
jayashree232@gmail.com                                                                               7865449900                                                                                         
32, Tilak Road, Pune                                                                                                                                                                                    
                                                                                                                                                                                                        
         5 Aarav Sharma                                                                                                                                                                                 
aaravsharma444@gmail.com                                                                             9978675544                                                                                         
101, MG Road, Mumbai                                                                                                                                                                                    
                                                                                                                                                                                                        
         6 Priya Patel                                                                                                                                                                                  
priyapatel34@gmail.com                                                                               8805546677                                                                                         
123, Link Road, Delhi                                                                                                                                                                                   
                                                                                                                                                                                                        
         7 Rohan Kumar                                                                                                                                                                                  
rohankumar101@gmail.com                                                                              8879055677                                                                                         
212, Park Street, Bangalore                                                                                                                                                                             
                                                                                                                                                                                                        
         8 Rohan Kumar                                                                                                                                                                                  
meeragupta234@gmail.com                                                                              8877654566                                                                                         
7, Hill Road, Kolkata                                                                                                                                                                                   
                                                                                                                                                                                                        
         9 Isha Gupta                                                                                                                                                                                   
ishagupta123@gmail.com                                                                               7866754433                                                                                         
2, park street, mumbai                                                                                                                                                                                  
                                                                                                                                                                                                        
        10 Kabir Gupta                                                                                                                                                                                  
kabirgupta34@gmail.com                                                                               7789665544                                                                                         
3, Baner Road, Pune                                                                                                                                                                                     
                                                                                                                                                                                                        

10 rows selected.

SQL> column custormerid format 999999
SQL> column name format A32
SQL> column email format A32
SQL> column phonenumber format A32
SQL> column address format A32
SQL> select * from customers;

CUSTOMERID NAME                             EMAIL                            PHONE           ADDRESS                                                                                                    
---------- -------------------------------- -------------------------------- --------------- --------------------------------                                                                           
         1 Anjali Deshmukh                  anjali.d123@gmail.com            9867452344      14, MG Road, Pune, Maharashtra                                                                             
         2 Ravi Sharma                      ravi.s111@gmail.com              9120557888      221B, Baner Road, Pune                                                                                     
         3 Aarti Thorat                     aartik14@gmail.com               8805546677      7, Katraj, Pune                                                                                            
         4 Jayashree Thorat                 jayashree232@gmail.com           7865449900      32, Tilak Road, Pune                                                                                       
         5 Aarav Sharma                     aaravsharma444@gmail.com         9978675544      101, MG Road, Mumbai                                                                                       
         6 Priya Patel                      priyapatel34@gmail.com           8805546677      123, Link Road, Delhi                                                                                      
         7 Rohan Kumar                      rohankumar101@gmail.com          8879055677      212, Park Street, Bangalore                                                                                
         8 Rohan Kumar                      meeragupta234@gmail.com          8877654566      7, Hill Road, Kolkata                                                                                      
         9 Isha Gupta                       ishagupta123@gmail.com           7866754433      2, park street, mumbai                                                                                     
        10 Kabir Gupta                      kabirgupta34@gmail.com           7789665544      3, Baner Road, Pune                                                                                        

10 rows selected.

SQL> select * from accounts;

 ACCOUNTID ACCOUNTTYPE             BALANCE CUSTOMERID                                                                                                                                                   
---------- -------------------- ---------- ----------                                                                                                                                                   
      1001 SAVINGS                   28450          1                                                                                                                                                   
      1002 CURRENT                 49300.9          2                                                                                                                                                   
      1003 SAVINGS                  230000          2                                                                                                                                                   
      1004 CURRENT                                  3                                                                                                                                                   
      1005 CURRENT                   40000          4                                                                                                                                                   
      1006 SAVINGS                   70000          5                                                                                                                                                   
      1007 CURRENT                   65000          6                                                                                                                                                   
      1008 CURRENT                   78000          5                                                                                                                                                   
      1009 SAVINGS                 4500000          7                                                                                                                                                   
      1010 SAVINGS                  100000         10                                                                                                                                                   

10 rows selected.

SQL> select * from trasactions;
select * from trasactions
              *
ERROR at line 1:
ORA-00942: table or view does not exist 


SQL> select * from transactions;

TRANSACTIONID TDATE         AMOUNT TRANSACTIONTYPE       ACCOUNTID                                                                                                                                      
------------- --------- ---------- -------------------- ----------                                                                                                                                      
         5001 21-JAN-22      23000 CREDIT                     1001                                                                                                                                      
         5002 22-JUN-25      50000 DEBIT                      1002                                                                                                                                      
         5003 07-AUG-21      80000 CREDIT                     1003                                                                                                                                      
         5004 15-JAN-24      70000 CREDIT                     1002                                                                                                                                      
         5005 22-JAN-22      89000 CREDIT                     1009                                                                                                                                      
         5006 06-JAN-22      65000 DEBIT                      1008                                                                                                                                      
         5007 15-AUG-23      80000 DEBIT                      1007                                                                                                                                      
         5008 04-AUG-20      45000 CREDIT                     1006                                                                                                                                      
         5009 05-JUL-13      35000 DEBIT                      1005                                                                                                                                      
         5010 08-JAN-04      45000 DEBIT                      1010                                                                                                                                      

10 rows selected.

SQL> ed
Wrote file afiedt.buf

  1  SELECT c.CustomerID, c.Name, a.AccountID, a.AccountType, a.Balance,
  2  t.TransactionID, t.TransactionType, t.Amount, t.tDate
  3  FROM Customers c
  4  LEFT JOIN Accounts a
  5  ON c.CustomerID = a.CustomerID
  6  LEFT JOIN Transactions t
  7* ON a.AccountID = t.AccountID
SQL> /

CUSTOMERID NAME                              ACCOUNTID ACCOUNTTYPE             BALANCE TRANSACTIONID TRANSACTIONTYPE          AMOUNT TDATE                                                              
---------- -------------------------------- ---------- -------------------- ---------- ------------- -------------------- ---------- ---------                                                          
         1 Anjali Deshmukh                        1001 SAVINGS                   28450          5001 CREDIT                    23000 21-JAN-22                                                          
         2 Ravi Sharma                            1002 CURRENT                 49300.9          5002 DEBIT                     50000 22-JUN-25                                                          
         2 Ravi Sharma                            1003 SAVINGS                  230000          5003 CREDIT                    80000 07-AUG-21                                                          
         2 Ravi Sharma                            1002 CURRENT                 49300.9          5004 CREDIT                    70000 15-JAN-24                                                          
         7 Rohan Kumar                            1009 SAVINGS                 4500000          5005 CREDIT                    89000 22-JAN-22                                                          
         5 Aarav Sharma                           1008 CURRENT                   78000          5006 DEBIT                     65000 06-JAN-22                                                          
         6 Priya Patel                            1007 CURRENT                   65000          5007 DEBIT                     80000 15-AUG-23                                                          
         5 Aarav Sharma                           1006 SAVINGS                   70000          5008 CREDIT                    45000 04-AUG-20                                                          
         4 Jayashree Thorat                       1005 CURRENT                   40000          5009 DEBIT                     35000 05-JUL-13                                                          
        10 Kabir Gupta                            1010 SAVINGS                  100000          5010 DEBIT                     45000 08-JAN-04                                                          
         9 Isha Gupta                                                                                                                                                                                   
         8 Rohan Kumar                                                                                                                                                                                  
         3 Aarti Thorat                           1004 CURRENT                                                                                                                                          

13 rows selected.

SQL> ed
Wrote file afiedt.buf

  1  SELECT c.CustomerID, c.Name
  2  FROM Customers c
  3  LEFT JOIN Accounts a ON c.CustomerID = a.CustomerID
  4  LEFT JOIN Transactions t ON a.AccountID = t.AccountID
  5  AND
  6  t.tDate >= SYSDATE - INTERVAL '1' YEAR
  7* WHERE t.TransactionID IS NULL
SQL> /

CUSTOMERID NAME                                                                                                                                                                                         
---------- --------------------------------                                                                                                                                                             
         9 Isha Gupta                                                                                                                                                                                   
         8 Rohan Kumar                                                                                                                                                                                  
         5 Aarav Sharma                                                                                                                                                                                 
         1 Anjali Deshmukh                                                                                                                                                                              
         4 Jayashree Thorat                                                                                                                                                                             
         6 Priya Patel                                                                                                                                                                                  
        10 Kabir Gupta                                                                                                                                                                                  
         3 Aarti Thorat                                                                                                                                                                                 
         5 Aarav Sharma                                                                                                                                                                                 
         2 Ravi Sharma                                                                                                                                                                                  
         7 Rohan Kumar                                                                                                                                                                                  

11 rows selected.

SQL> ed
Wrote file afiedt.buf

  1  SELECT a.AccountID, a.AccountType, a.Balance
  2  FROM Accounts a
  3  LEFT JOIN
  4  Transactions t ON a.AccountID = t.AccountID
  5* WHERE t.TransactionID IS NULL
SQL> /

 ACCOUNTID ACCOUNTTYPE             BALANCE                                                                                                                                                              
---------- -------------------- ----------                                                                                                                                                              
      1004 CURRENT                                                                                                                                                                                      

SQL> ed
Wrote file afiedt.buf

  1  SELECT c.CustomerID, c.Name, a.AccountID, a.AccountType, a.Balance, t.TransactionID, t.TransactionType, t.Amount, t.tDate
  2  FROM Customers c
  3  LEFT JOIN Accounts a
  4  ON c.CustomerID = a.CustomerID
  5  LEFT JOIN Transactions t
  6* ON a.AccountID = t.AccountID
SQL> /

CUSTOMERID NAME                              ACCOUNTID ACCOUNTTYPE             BALANCE TRANSACTIONID TRANSACTIONTYPE          AMOUNT TDATE                                                              
---------- -------------------------------- ---------- -------------------- ---------- ------------- -------------------- ---------- ---------                                                          
         1 Anjali Deshmukh                        1001 SAVINGS                   28450          5001 CREDIT                    23000 21-JAN-22                                                          
         2 Ravi Sharma                            1002 CURRENT                 49300.9          5002 DEBIT                     50000 22-JUN-25                                                          
         2 Ravi Sharma                            1003 SAVINGS                  230000          5003 CREDIT                    80000 07-AUG-21                                                          
         2 Ravi Sharma                            1002 CURRENT                 49300.9          5004 CREDIT                    70000 15-JAN-24                                                          
         7 Rohan Kumar                            1009 SAVINGS                 4500000          5005 CREDIT                    89000 22-JAN-22                                                          
         5 Aarav Sharma                           1008 CURRENT                   78000          5006 DEBIT                     65000 06-JAN-22                                                          
         6 Priya Patel                            1007 CURRENT                   65000          5007 DEBIT                     80000 15-AUG-23                                                          
         5 Aarav Sharma                           1006 SAVINGS                   70000          5008 CREDIT                    45000 04-AUG-20                                                          
         4 Jayashree Thorat                       1005 CURRENT                   40000          5009 DEBIT                     35000 05-JUL-13                                                          
        10 Kabir Gupta                            1010 SAVINGS                  100000          5010 DEBIT                     45000 08-JAN-04                                                          
         9 Isha Gupta                                                                                                                                                                                   
         8 Rohan Kumar                                                                                                                                                                                  
         3 Aarti Thorat                           1004 CURRENT                                                                                                                                          

13 rows selected.

SQL> ed
Wrote file afiedt.buf

  1  SELECT c.CustomerID, c.Name, c.Email, c.Phone, c.Address, a.AccountID, a.AccountType, a.Balance
  2  FROM Customers c
  3  LEFT JOIN Accounts a
  4* ON c.CustomerID = a.CustomerID
SQL> /

CUSTOMERID NAME                             EMAIL                            PHONE           ADDRESS                           ACCOUNTID ACCOUNTTYPE             BALANCE                                
---------- -------------------------------- -------------------------------- --------------- -------------------------------- ---------- -------------------- ----------                                
         1 Anjali Deshmukh                  anjali.d123@gmail.com            9867452344      14, MG Road, Pune, Maharashtra         1001 SAVINGS                   28450                                
         2 Ravi Sharma                      ravi.s111@gmail.com              9120557888      221B, Baner Road, Pune                 1002 CURRENT                 49300.9                                
         2 Ravi Sharma                      ravi.s111@gmail.com              9120557888      221B, Baner Road, Pune                 1003 SAVINGS                  230000                                
         3 Aarti Thorat                     aartik14@gmail.com               8805546677      7, Katraj, Pune                        1004 CURRENT                                                        
         4 Jayashree Thorat                 jayashree232@gmail.com           7865449900      32, Tilak Road, Pune                   1005 CURRENT                   40000                                
         5 Aarav Sharma                     aaravsharma444@gmail.com         9978675544      101, MG Road, Mumbai                   1006 SAVINGS                   70000                                
         6 Priya Patel                      priyapatel34@gmail.com           8805546677      123, Link Road, Delhi                  1007 CURRENT                   65000                                
         5 Aarav Sharma                     aaravsharma444@gmail.com         9978675544      101, MG Road, Mumbai                   1008 CURRENT                   78000                                
         7 Rohan Kumar                      rohankumar101@gmail.com          8879055677      212, Park Street, Bangalore            1009 SAVINGS                 4500000                                
        10 Kabir Gupta                      kabirgupta34@gmail.com           7789665544      3, Baner Road, Pune                    1010 SAVINGS                  100000                                
         8 Rohan Kumar                      meeragupta234@gmail.com          8877654566      7, Hill Road, Kolkata                                                                                      
         9 Isha Gupta                       ishagupta123@gmail.com           7866754433      2, park street, mumbai                                                                                     

12 rows selected.

SQL> commit;

Commit complete.

SQL> spool off;
